Reading video...
Video loaded: 934 frames
Getting object tracks (this may take a while)...
Tracks loaded. Players frames: 934
Truncating/padding tracks...
Tracks truncated/padded.
Adding positions to tracks...
Positions added.
Initializing camera movement estimator...
Getting camera movement per frame...
Camera movement computed.
Adding adjusted positions to tracks...
Adjusted positions added.
Initializing view transformer...
Adding transformed positions to tracks...
Transformed positions added.
Interpolating ball positions...
Ball positions interpolated.
Initializing speed and distance estimator...
Adding speed and distance to tracks...
Speed and distance added.
