C:\Users\udayb\AppData\Roaming\Python\Python314\site-packages\sklearn\base.py:1403: ConvergenceWarning: Number of distinct clusters (1) found smaller than n_clusters (2). Possibly due to duplicate points in X.
  return fit_method(estimator, *args, **kwargs)
Reading video...
Video loaded: 3635 frames
Getting object tracks (this may take a while)...
Tracks loaded. Players frames: 934
Truncating/padding tracks...
Tracks truncated/padded.
Adding positions to tracks...
Positions added.
Initializing camera movement estimator...
Getting camera movement per frame...
Camera movement computed.
Adding adjusted positions to tracks...
Adjusted positions added.
Initializing view transformer...
Adding transformed positions to tracks...
Transformed positions added.
Interpolating ball positions...
Ball positions interpolated.
Initializing speed and distance estimator...
Adding speed and distance to tracks...
Speed and distance added.
Assigning player teams...
Team colors assigned.
Player team assignments complete.
Assigning ball possession...
Ball possession assigned.
Starting video processing...
Video properties: 1280x720 @ 30.0 FPS
Processing frames...
Processed 100 frames...
Processed 200 frames...
Processed 300 frames...
Processed 400 frames...
Processed 500 frames...
Processed 600 frames...
Processed 700 frames...
Processed 800 frames...
Processed 900 frames...
Processed 1000 frames...
Processed 1100 frames...
Processed 1200 frames...
Processed 1300 frames...
Processed 1400 frames...
Processed 1500 frames...
Processed 1600 frames...
Processed 1700 frames...
Processed 1800 frames...
Processed 1900 frames...
Processed 2000 frames...
Processed 2100 frames...
Processed 2200 frames...
Processed 2300 frames...
Processed 2400 frames...
Processed 2500 frames...
Processed 2600 frames...
Processed 2700 frames...
Processed 2800 frames...
Processed 2900 frames...
Processed 3000 frames...
Processed 3100 frames...
Processed 3200 frames...
Processed 3300 frames...
Processed 3400 frames...
Processed 3500 frames...
Processed 3600 frames...
Finished reading frames at frame 3635
Releasing resources...
Video processing complete!
