Reading video...
Video loaded: 934 frames
Getting object tracks (this may take a while)...
Tracks loaded. Players frames: 934
Truncating/padding tracks...
Tracks truncated/padded.
Adding positions to tracks...
Positions added.
Initializing camera movement estimator...
Getting camera movement per frame...
Camera movement computed.
Adding adjusted positions to tracks...
Adjusted positions added.
Initializing view transformer...
Adding transformed positions to tracks...
Transformed positions added.
Interpolating ball positions...
Ball positions interpolated.
Initializing speed and distance estimator...
Adding speed and distance to tracks...
Speed and distance added.
Assigning player teams...
Team colors assigned.
Player team assignments complete.
Assigning ball possession...
Ball possession assigned.
Starting video processing...
Video properties: 1080x1920 @ 30.0 FPS
Processing frames...
Processed 100 frames...
Processed 200 frames...
Processed 300 frames...
Processed 400 frames...
Processed 500 frames...
Processed 600 frames...
Processed 700 frames...
Processed 800 frames...
Processed 900 frames...
Finished reading frames at frame 934
Releasing resources...
Video processing complete!
